[ERROR] COMPILATION ERROR : 
[ERROR] /D:/FPT/SWP391/Project/SWP391-GR4-EcoSolution-HaiPT2002/src/test/java/org/swp391_group4_backend/ecosolution/collectors/controller/CollectorControllerWebMvcTest.java:[6,63] package org.springframework.boot.test.autoconfigure.web.servlet does not exist
[ERROR] /D:/FPT/SWP391/Project/SWP391-GR4-EcoSolution-HaiPT2002/src/test/java/org/swp391_group4_backend/ecosolution/collectors/controller/CollectorControllerWebMvcTest.java:[7,63] package org.springframework.boot.test.autoconfigure.web.servlet does not exist
[ERROR] /D:/FPT/SWP391/Project/SWP391-GR4-EcoSolution-HaiPT2002/src/test/java/org/swp391_group4_backend/ecosolution/collectors/controller/CollectorControllerWebMvcTest.java:[40,2] cannot find symbol
  symbol: class WebMvcTest
[ERROR] /D:/FPT/SWP391/Project/SWP391-GR4-EcoSolution-HaiPT2002/src/test/java/org/swp391_group4_backend/ecosolution/collectors/controller/CollectorControllerWebMvcTest.java:[41,2] cannot find symbol
  symbol: class AutoConfigureMockMvc
[ERROR] Failed to execute goal org.apache.maven.plugins:maven-compiler-plugin:3.14.1:testCompile (default-testCompile) on project ecosolution: Compilation failure: Compilation failure: 
[ERROR] /D:/FPT/SWP391/Project/SWP391-GR4-EcoSolution-HaiPT2002/src/test/java/org/swp391_group4_backend/ecosolution/collectors/controller/CollectorControllerWebMvcTest.java:[6,63] package org.springframework.boot.test.autoconfigure.web.servlet does not exist
[ERROR] /D:/FPT/SWP391/Project/SWP391-GR4-EcoSolution-HaiPT2002/src/test/java/org/swp391_group4_backend/ecosolution/collectors/controller/CollectorControllerWebMvcTest.java:[7,63] package org.springframework.boot.test.autoconfigure.web.servlet does not exist
[ERROR] /D:/FPT/SWP391/Project/SWP391-GR4-EcoSolution-HaiPT2002/src/test/java/org/swp391_group4_backend/ecosolution/collectors/controller/CollectorControllerWebMvcTest.java:[40,2] cannot find symbol
[ERROR]   symbol: class WebMvcTest
[ERROR] /D:/FPT/SWP391/Project/SWP391-GR4-EcoSolution-HaiPT2002/src/test/java/org/swp391_group4_backend/ecosolution/collectors/controller/CollectorControllerWebMvcTest.java:[41,2] cannot find symbol
[ERROR]   symbol: class AutoConfigureMockMvc
[ERROR] -> [Help 1]
[ERROR] 
[ERROR] To see the full stack trace of the errors, re-run Maven with the -e switch.
[ERROR] Re-run Maven using the -X switch to enable full debug logging.
[ERROR] 
[ERROR] For more information about the errors and possible solutions, please read the following articles:
[ERROR] [Help 1] http://cwiki.apache.org/confluence/display/MAVEN/MojoFailureException
